[index-2.html]
[backblue.gif]
[fade.gif]
[index.html]
[images/favicon.png]
[media/vendor/joomla-custom-elements/css/joomla-alert.min44b7.css]
[media/system/css/joomla-fontawesome.minc304.css]
[images/2019/08/28/bg-image-copy.6.delayed]
[images/Plantas/maipu.jpg]
[images/logov2-m.png]
[media/vendor/jquery/js/jquery.min84e3.js]
[media/legacy/js/jquery-noconflict.minaad7.js]
[media/system/js/core.mindb7c.js]
[media/system/js/messages-es5.minfb0f.js]
[media/system/js/messages.minae9f.js]
[templates/shaper_helixultimate/js/bootstrap.bundle.min.js]
[templates/shaper_helixultimate/js/main.js]
[images/logov2.png]
[quienes-somos.html]
[actividades.html]
[compromisos.html]
[innovacion.html]
[indice-precio-del-asfalto-i-p-a.html]
[contacto.html]
[productos.html]
[media/videos/2022/08/03/trim.ffb23219-aff0-43ef-978e-b2535b37c006.qt]
[index-2.html]
[media/vendor/joomla-custom-elements/css/joomla-alert.min44b7.css]
[templates/shaper_helixultimate/css/bootstrap.min.css]
[js/300/addthis_widget.js]
[media/vendor/fontawesome-free/webfonts/fa-regular-400.eot]
[media/vendor/fontawesome-free/webfonts/fa-regular-400d41d.eot]
[media/vendor/fontawesome-free/webfonts/fa-regular-400.woff2]
[media/vendor/fontawesome-free/webfonts/fa-regular-400.woff]
[media/vendor/fontawesome-free/webfonts/fa-regular-400.ttf]
[media/vendor/fontawesome-free/webfonts/fa-solid-900.eot]
[media/vendor/fontawesome-free/webfonts/fa-solid-900d41d.eot]
[media/vendor/fontawesome-free/webfonts/fa-solid-900.woff2]
[media/vendor/fontawesome-free/webfonts/fa-solid-900.woff]
[media/vendor/fontawesome-free/webfonts/fa-solid-900.ttf]
[media/vendor/fontawesome-free/webfonts/fa-brands-400.eot]
[media/vendor/fontawesome-free/webfonts/fa-brands-400d41d.eot]
[media/vendor/fontawesome-free/webfonts/fa-brands-400.woff2]
[media/vendor/fontawesome-free/webfonts/fa-brands-400.woff]
[media/vendor/fontawesome-free/webfonts/fa-brands-400.ttf]
[media/system/css/joomla-fontawesome.minc304.css]
[templates/shaper_helixultimate/images/menu-bg.jpg]
[templates/shaper_helixultimate/css/template.css]
[templates/shaper_helixultimate/css/presets/default.css]
[images/2019/08/28/bg-image-copy.html]
[images/2019/05/21/fondo.2e.delayed]
[images/Plantas/arica.jpg]
[images/Images/estanques.jpg]
[images/Images/estrategias.jpg]
[images/Images/vinci construction.png]
[quienes-somos.html]
[images/Images/trabajador-f.jpg]
[images/Images/barco.jpg]
[images/Images/carrusel5.jpg]
[images/Images/Camiones.jpg]
[images/Timeline/Apertura-stgo.jpg]
[images/Timeline/Apertura-stgo.38.delayed]
[images/Timeline/dasa.jpg]
[images/Timeline/dasa.3a.delayed]
[images/Timeline/1era importacion.jpg]
[images/Timeline/1era importacion.3c.delayed]
[images/Timeline/primera-piedra.jpg]
[images/Timeline/primera-piedra.3e.delayed]
[images/Timeline/talcahuano.jpg]
[images/Timeline/PROBISA-TALCAHUANO.40.delayed]
[images/Timeline/construccion arica.jpg]
[images/Timeline/construccion arica.42.delayed]
[images/Timeline/cono-sur.jpg]
[images/Timeline/cono-sur.44.delayed]
[images/Timeline/DA-HUA-SHAN.jpg]
[images/Timeline/DA-HUA-SHAN.46.delayed]
[actividades.html]
[images/Images/probisa.jpg]
[images/Images/prevencion-de-riesgo.jpg]
[images/Images/seguridad.jpg]
[images/Images/mebio-ambiente.jpg]
[images/Images/bienestar.jpg]
[compromisos.html]
[images/Images/CDI.jpg]
[images/Images/clasificacion_comportamiento.jpg]
[images/Images/camion-imprimador2.jpg]
[images/Images/eco2.png]
[innovacion.html]
[indice-precio-del-asfalto-i-p-a.html]
[images/2019/08/28/clients-bg2x.50.delayed]
[images/Images/comunidad.jpg]
[contacto.html]
[images/Files/CA por Grado PG V.05.20.pdf]
[images/Files/CA por Penetracion V.05.20.pdf]
[images/Files/CA por Viscosidad V.05.20.pdf]
[images/Files/ECOasfalto  V.04 22.pdf]
[images/Files/Emulclean y Emulclean Plus V.05.20.pdf]
[images/Files/Emulsion CRS-2 V.05.20.pdf]
[images/Files/Emulsion CSS-1h V.05.20.pdf]
[images/Files/Emulsion ERC V.05.20.pdf]
[images/Files/Evatech V.07.20.pdf]
[images/Files/Polybit V.05.20.pdf]
[images/Files/Polymuls L R ERC-M V.05.20.pdf]
[images/Files/Polysello V.10.20.pdf]
[images/Files/Tecnobache V.03.21.pdf]
[images/Files/Viaprime V.07.20.pdf]
[productos.html]
[media/vendor/fontawesome-free/webfonts/fa-regular-400.svg]
[media/vendor/fontawesome-free/webfonts/fa-solid-900.svg]
[media/vendor/fontawesome-free/webfonts/fa-brands-400.svg]
[images/2019/05/21/fondo.html]
[images/Timeline/Apertura-stgo.html]
[images/Timeline/dasa.html]
[images/Timeline/1era importacion.html]
[images/Timeline/primera-piedra.html]
[images/Timeline/PROBISA-TALCAHUANO.html]
[images/Timeline/construccion arica.html]
[images/Timeline/cono-sur.html]
[images/Timeline/DA-HUA-SHAN.html]
[images/2019/08/28/clients-bg2x.html]
